DOCKER HUB CLEANUP REPORT
============================================================
Repository : container-registry-cleanup
Generated  : 2026-07-17 11:31:06.591161

Tag          : latest
Last Updated : 2026-06-26T13:23:57.912487Z
Decision     : KEEP
Reason       : Active image
------------------------------------------------------------
Tag          : backup
Last Updated : 2026-06-26T13:24:28.415624Z
Decision     : DELETE
Reason       : Cleanup policy matched
------------------------------------------------------------
Tag          : old
Last Updated : 2026-06-26T13:24:23.989027Z
Decision     : DELETE
Reason       : Cleanup policy matched
------------------------------------------------------------
Tag          : production
Last Updated : 2026-06-26T13:24:19.50877Z
Decision     : KEEP
Reason       : Active image
------------------------------------------------------------
Tag          : development
Last Updated : 2026-06-26T13:24:15.068542Z
Decision     : KEEP
Reason       : Active image
------------------------------------------------------------
Tag          : staging
Last Updated : 2026-06-26T13:24:10.704992Z
Decision     : KEEP
Reason       : Active image
------------------------------------------------------------
Tag          : debug
Last Updated : 2026-06-26T13:24:06.286886Z
Decision     : DELETE
Reason       : Cleanup policy matched
------------------------------------------------------------
Tag          : test
Last Updated : 2026-06-26T13:24:01.933278Z
Decision     : DELETE
Reason       : Cleanup policy matched
------------------------------------------------------------
Tag          : v10
Last Updated : 2026-06-26T13:23:53.582912Z
Decision     : KEEP
Reason       : Active image
------------------------------------------------------------
Tag          : v9
Last Updated : 2026-06-26T13:23:48.900947Z
Decision     : KEEP
Reason       : Active image
------------------------------------------------------------

SUMMARY
============================================================
Total Images              : 10
Images Kept               : 6
Images Marked for Cleanup : 4

KEEP
latest
production
development
staging
v10
v9

DELETE
backup
old
debug
test
